// Jest Snapshot v1, https://goo.gl/fbAQLP

exports[`<TemplateName /> it should mount 1`] = `
<DocumentFragment>
  <div
    class="Hero"
    data-testid="TemplateName"
  >
    TemplateName Component
  </div>
</DocumentFragment>
`;
