// Jest Snapshot v1, https://goo.gl/fbAQLP

exports[`<Paragraph /> it should mount 1`] = `
<DocumentFragment>
  <p
    class="Paragraph"
    data-testid="Paragraph"
  >
    Content
  </p>
</DocumentFragment>
`;
