// Jest Snapshot v1, https://goo.gl/fbAQLP

exports[`<Hero /> it should mount 1`] = `
<DocumentFragment>
  <div
    class="Hero"
    data-testid="Hero"
  >
    Hero Component
  </div>
</DocumentFragment>
`;
